// Jest Snapshot v1, https://goo.gl/fbAQLP

exports[`SearchResultsPresentation should render  with results 1`] = `
<div
  className="MuiContainer-root MuiContainer-maxWidthLg"
>
  <div
    className="MuiPaper-root MuiTableContainer-root MuiPaper-elevation1 MuiPaper-rounded"
  >
    <table
      className="MuiTable-root"
      role={null}
    >
      <thead
        className="MuiTableHead-root"
        role={null}
      >
        <tr
          className="MuiTableRow-root MuiTableRow-head"
          role={null}
        >
          <th
            aria-sort={null}
            className="MuiTableCell-root MuiTableCell-head"
            scope="col"
          >
            Artist
          </th>
          <th
            aria-sort={null}
            className="MuiTableCell-root MuiTableCell-head"
            scope="col"
          >
            Album
          </th>
          <th
            aria-sort={null}
            className="MuiTableCell-root MuiTableCell-head"
            scope="col"
          >
            Song
          </th>
        </tr>
      </thead>
      <tbody
        className="MuiTableBody-root"
        role={null}
      >
        <tr
          className="MuiTableRow-root"
          role={null}
        >
          <th
            aria-sort={null}
            className="MuiTableCell-root MuiTableCell-body"
            role="cell"
            scope="row"
          >
            abc
          </th>
          <td
            aria-sort={null}
            className="MuiTableCell-root MuiTableCell-body"
          >
            def
          </td>
          <td
            aria-sort={null}
            className="MuiTableCell-root MuiTableCell-body"
          >
            ghi
          </td>
        </tr>
      </tbody>
    </table>
  </div>
</div>
`;

exports[`SearchResultsPresentation should render with no resuls 1`] = `
<div
  className="MuiContainer-root MuiContainer-maxWidthLg"
>
  <p
    className="MuiTypography-root MuiTypography-body1"
  >
    No items matching search terms
  </p>
</div>
`;
